Program Version,EnergyPlus, Version 25.2.0-cf7368216c, YMD=2026.05.06 12:31,
   ** Warning ** ProcessScheduleInput: DecodeHHMMField, Invalid "until" field value is not a multiple of the minutes for each timestep: 06:45
   **   ~~~   ** Other errors may result. Occurred in Day Schedule=SCHEDULE DAY 8
   ************* Beginning Zone Sizing Calculations
   ** Warning ** Weather file location will be used rather than entered (IDF) Location object.
   **   ~~~   ** ..Location object=MUGLA
   **   ~~~   ** ..Weather File Location=Mugla MG TUR SRC-TMYx WMO#=172920
   **   ~~~   ** ..due to location differences, Latitude difference=[4.39E-002] degrees, Longitude difference=[8.80] degrees.
   **   ~~~   ** ..Time Zone difference=[0.0] hour(s), Elevation difference=[0.00] percent, [0.00] meters.
   ** Warning ** GetHTSurfaceData: Surfaces with interface to Ground found but no "Ground Temperatures" were input.
   **   ~~~   ** Found first in surface=FACE 54
   **   ~~~   ** Defaults, constant throughout the year of (18.0) will be used.
   ** Warning ** GetSurfaceData: There are 210 coincident/collinear vertices; These have been deleted unless the deletion would bring the number of surface sides < 3.
   **   ~~~   ** For explicit details on each problem surface, use Output:Diagnostics,DisplayExtraWarnings;
   ** Severe  ** For zone: TZ_ATOLYE it is not possible to calculate the volume from the surrounding surfaces so either provide the volume value or define all the surfaces to fully enclose the zone.
   ** Warning ** Indicated Zone Volume <= 0.0 for Zone=TZ_ATOLYE
   **   ~~~   ** The calculated Zone Volume was=0.00
   **   ~~~   ** The simulation will continue with the Zone Volume set to 10.0 m3. 
   **   ~~~   ** ...use Output:Diagnostics,DisplayExtraWarnings; to show more details on individual zones.
   ** Severe  ** For zone: TZ_KORIDOR it is not possible to calculate the volume from the surrounding surfaces so either provide the volume value or define all the surfaces to fully enclose the zone.
   ** Warning ** Indicated Zone Volume <= 0.0 for Zone=TZ_KORIDOR
   **   ~~~   ** The calculated Zone Volume was=0.00
   **   ~~~   ** The simulation will continue with the Zone Volume set to 10.0 m3. 
   **   ~~~   ** ...use Output:Diagnostics,DisplayExtraWarnings; to show more details on individual zones.
   ** Severe  ** For zone: TZ_WC it is not possible to calculate the volume from the surrounding surfaces so either provide the volume value or define all the surfaces to fully enclose the zone.
   ** Warning ** Indicated Zone Volume <= 0.0 for Zone=TZ_WC
   **   ~~~   ** The calculated Zone Volume was=0.00
   **   ~~~   ** The simulation will continue with the Zone Volume set to 10.0 m3. 
   **   ~~~   ** ...use Output:Diagnostics,DisplayExtraWarnings; to show more details on individual zones.
   ** Warning ** CalculateZoneVolume: 7 zones are not fully enclosed. For more details use:  Output:Diagnostics,DisplayExtrawarnings; 
   ** Warning ** CheckUsedConstructions: There are 16 nominally unused constructions in input.
   **   ~~~   ** For explicit details on each unused construction, use Output:Diagnostics,DisplayExtraWarnings;
   ** Warning ** DetermineShadowingCombinations: There are 3 surfaces which are receiving surfaces and are non-convex.
   **   ~~~   ** ...Shadowing values may be inaccurate. Check .shd report file for more surface shading details
   **   ~~~   ** ...Add Output:Diagnostics,DisplayExtraWarnings; to see individual warnings for each surface.
   ** Warning ** GetSimpleAirModelInputs: ZoneInfiltration:DesignFlowRate="KB_MERD_5 INFILTRASYON_KORDR_KANTN_MRD_ASNSR_WC 2", Design Flow Rate Calculation Method specifies Flow Rate per Exterior Surface Area, but Exterior Surface Area = 0.  0 Infiltration will result.
   ** Warning ** GetSimpleAirModelInputs: ZoneInfiltration:DesignFlowRate="KZ_MERD_17 INFILTRASYON_KORDR_KANTN_MRD_ASNSR_WC 2", Design Flow Rate Calculation Method specifies Flow Rate per Exterior Surface Area, but Exterior Surface Area = 0.  0 Infiltration will result.
   ** Warning ** GetSimpleAirModelInputs: ZoneInfiltration:DesignFlowRate="KZ_B_I_6 INFILTRASYON_KORDR_KANTN_MRD_ASNSR_WC 2", Design Flow Rate Calculation Method specifies Flow Rate per Exterior Surface Area, but Exterior Surface Area = 0.  0 Infiltration will result.
   ** Warning ** GetSimpleAirModelInputs: ZoneInfiltration:DesignFlowRate="KB_G_I_12 INFILTRASYON_KORDR_KANTN_MRD_ASNSR_WC 3", Design Flow Rate Calculation Method specifies Flow Rate per Exterior Surface Area, but Exterior Surface Area = 0.  0 Infiltration will result.
   ** Warning ** GetSimpleAirModelInputs: ZoneInfiltration:DesignFlowRate="K1_G_I_29 INFILTRASYON_KORDR_KANTN_MRD_ASNSR_WC 3", Design Flow Rate Calculation Method specifies Flow Rate per Exterior Surface Area, but Exterior Surface Area = 0.  0 Infiltration will result.
   ** Warning ** GetSimpleAirModelInputs: ZoneInfiltration:DesignFlowRate="K1_G_I_31 INFILTRASYON_KORDR_KANTN_MRD_ASNSR_WC 3", Design Flow Rate Calculation Method specifies Flow Rate per Exterior Surface Area, but Exterior Surface Area = 0.  0 Infiltration will result.
   ** Warning ** GetElectricEIRChillerInput: Chiller:Electric:EIR="CHILLER - AIR COOLED"
   **   ~~~   ** Energy input ratio as a function of temperature curve output is not equal to 1.0 (+ or - 10%) at reference conditions.
   **   ~~~   ** Curve output at reference conditions = 0.850
   ************* Beginning Plant Sizing Calculations
   ** Warning ** Output:Meter: invalid Key Name="DISTRICTHEATINGWATER:FACILITY" - not found.
   ** Warning ** Output:Meter: invalid Key Name="DISTRICTCOOLING:FACILITY" - not found.
   ** Warning ** Output:Meter:MeterFileOnly requested for "Electricity:Facility" (TimeStep), already on "Output:Meter". Will report to both eplusout.eso and eplusout.mtr
   ************* Testing Individual Branch Integrity
   ************* All Branches passed integrity testing
   ************* Testing Individual Supply Air Path Integrity
   ************* All Supply Air Paths passed integrity testing
   ************* Testing Individual Return Air Path Integrity
   ************* All Return Air Paths passed integrity testing
   ************* No node connection errors were found.
   ************* Beginning Simulation
   ** Warning ** Processing Monthly Tabular Reports: Variable names not valid for this simulation
   **   ~~~   ** ...use Output:Diagnostics,DisplayExtraWarnings; to show more details on individual variables.
   ** Warning ** ElectricEIRChillerModel - CHILLER:ELECTRIC:EIR "CHILLER - AIR COOLED" - Air Cooled Condenser Inlet Temperature below 0C.
   **   ~~~   ** ... Outdoor Dry-bulb Condition =  -0.17 C. Occurrence info = RUN PERIOD 1, 01/08 00:00 - 00:10
   ** Warning ** The resource referenced by LifeCycleCost:UsePriceEscalation= "U.S. AVG  COMMERCIAL-ELECTRICITY" has no energy cost. 
   **   ~~~   ** ... It is likely that the wrong resource is used. The resource should match the meter used in Utility:Tariff.
   ** Warning ** The resource referenced by LifeCycleCost:UsePriceEscalation= "U.S. AVG  COMMERCIAL-DISTILLATE OIL" has no energy cost. 
   **   ~~~   ** ... It is likely that the wrong resource is used. The resource should match the meter used in Utility:Tariff.
   ** Warning ** The resource referenced by LifeCycleCost:UsePriceEscalation= "U.S. AVG  COMMERCIAL-RESIDUAL OIL" has no energy cost. 
   **   ~~~   ** ... It is likely that the wrong resource is used. The resource should match the meter used in Utility:Tariff.
   ** Warning ** The resource referenced by LifeCycleCost:UsePriceEscalation= "U.S. AVG  COMMERCIAL-NATURAL GAS" has no energy cost. 
   **   ~~~   ** ... It is likely that the wrong resource is used. The resource should match the meter used in Utility:Tariff.
   ** Warning ** The resource referenced by LifeCycleCost:UsePriceEscalation= "U.S. AVG  COMMERCIAL-COAL" has no energy cost. 
   **   ~~~   ** ... It is likely that the wrong resource is used. The resource should match the meter used in Utility:Tariff.
   ************* Simulation Error Summary *************
   ************* There are 4 unused schedules in input.
   ************* Use Output:Diagnostics,DisplayUnusedSchedules; to see them.
   *************
   ************* ===== Recurring Error Summary =====
   ************* The following recurring error messages occurred.
   *************
   *************  ** Warning ** ElectricEIRChillerModel - CHILLER:ELECTRIC:EIR "CHILLER - AIR COOLED" - Air Cooled Condenser Inlet Temperature below 0C error continues.
   *************  **   ~~~   **   This error occurred 590 total times;
   *************  **   ~~~   **   during Warmup 0 times;
   *************  **   ~~~   **   during Sizing 0 times.
   *************  **   ~~~   **   Max=-0.033333 [C]  Min=-5.883333 [C]
   *************
   *************
   ************* ===== Final Error Summary =====
   ************* The following error categories occurred.  Consider correcting or noting.
   ************* Nominally Unused Constructions
   ************* ..The nominally unused constructions warning is provided to alert you to potential conditions that can cause
   ************* ..extra time during simulation. Each construction is calculated by the algorithm indicated in the HeatBalanceAlgorithm
   ************* ..object. You may remove the constructions indicated (when you use the DisplayExtraWarnings option).
   *************
   ************* EnergyPlus Warmup Error Summary. During Warmup: 0 Warning; 0 Severe Errors.
   ************* EnergyPlus Sizing Error Summary. During Sizing: 14 Warning; 3 Severe Errors.
   ************* EnergyPlus Completed Successfully-- 828 Warning; 3 Severe Errors; Elapsed Time=00hr 01min 50.68sec
